Report time       : Tue Oct 15 12:02:39     2019.
Solution          : solution1.
Simulation tool   : xsim.

+----------+----------+-----------------------------------------------+-----------------------------------------------+
|          |          |                    Latency                    |                    Interval                   |
+   RTL    +  Status  +-----------------------------------------------+-----------------------------------------------+
|          |          |      min      |      avg      |      max      |      min      |      avg      |      max      |
+----------+----------+-----------------------------------------------+-----------------------------------------------+
|      VHDL|      Pass|             35|             35|             36|             35|             35|             36|
|   Verilog|        NA|             35|             35|             35|             36|             36|             36|
+----------+----------+-----------------------------------------------+-----------------------------------------------+
