18:31:12 **** Auto Build of configuration Debug for project tpg_sdk ****
make pre-build main-build 
a9-linaro-pre-build-step
' '
'Building file: ../src/ov7670_config_i2c.c'
'Invoking: ARM v7 gcc compiler'
arm-none-eabi-gcc -Wall -O0 -g3 -c -fmessage-length=0 -MT"src/ov7670_config_i2c.o" -mcpu=cortex-a9 -mfpu=vfpv3 -mfloat-abi=hard -I../../tpg_sdk_bsp/ps7_cortexa9_0/include -MMD -MP -MF"src/ov7670_config_i2c.d" -MT"src/ov7670_config_i2c.o" -o "src/ov7670_config_i2c.o" "../src/ov7670_config_i2c.c"
In file included from ../src/ov7670_config_i2c.h:15:0,
                 from ../src/ov7670_config_i2c.c:9:
../src/zynq_i2c.h:34:12: warning: 'SetupInterruptSystem' declared 'static' but never defined [-Wunused-function]
 static int SetupInterruptSystem(XIicPs *IicPsPtr);
            ^~~~~~~~~~~~~~~~~~~~
'Finished building: ../src/ov7670_config_i2c.c'
' '
'Building target: tpg_sdk.elf'
'Invoking: ARM v7 gcc linker'
arm-none-eabi-gcc -mcpu=cortex-a9 -mfpu=vfpv3 -mfloat-abi=hard -Wl,-build-id=none -specs=Xilinx.spec -Wl,-T -Wl,../src/lscript.ld -L../../tpg_sdk_bsp/ps7_cortexa9_0/lib -o "tpg_sdk.elf"  ./src/main.o ./src/ov7670_config_i2c.o ./src/platform.o ./src/vdma_api.o ./src/xiicps_intr_slave_example.o ./src/xiicps_selftest_example.o ./src/zynq_i2c.o   -Wl,--start-group,-lxil,-lgcc,-lc,--end-group
'Finished building target: tpg_sdk.elf'
' '
'Invoking: ARM v7 Print Size'
arm-none-eabi-size tpg_sdk.elf  |tee "tpg_sdk.elf.size"
   text	   data	    bss	    dec	    hex	filename
 113940	   3536	  24336	 141812	  229f4	tpg_sdk.elf
'Finished building: tpg_sdk.elf.size'
' '

18:31:16 Build Finished (took 3s.905ms)

